v1
#Profiled binary build ID: 1fd3fc1c38f788c69b7465baa8be62eee353727b
#section .text
f compute_flag
#ext-tsp score: [intra: 0.000000 -> 0.000000] [inter: 0.000000 -> 0.000000]
c0
#cfg 0:373256
f main
#ext-tsp score: [intra: 6493782.165372 -> 8654925.667647] [inter: 299153.705882 -> 370339.937500]
c0 2 3 5 1
#cfg 5:358487,1:355265 1:373256,2:121190,3:229642 2:121190,3:121190 3:358487,5:358487
