v1
f compute_flag
c0 2 3 1
f main
p7 1 2
c0 1 2 4 6 7 1.1 2.1 3 5
